C:\Users\admin\dev\bso\BKP-Sistema-GestaoTi\teste>npm install

added 197 packages, and audited 198 packages in 10s

25 packages are looking for funding
  run `npm fund` for details

5 vulnerabilities (1 moderate, 3 high, 1 critical)

To address issues that do not require attention, run:
  npm audit fix

To address all issues possible (including breaking changes), run:
  npm audit fix --force

Some issues need review, and may require choosing
a different dependency.

Run `npm audit` for details.

C:\Users\admin\dev\bso\BKP-Sistema-GestaoTi\teste>cd client

C:\Users\admin\dev\bso\BKP-Sistema-GestaoTi\teste\client>npm install
npm warn deprecated inflight@1.0.6: This module is not supported, and leaks memory. Do not use it. Check out lru-cache if you want a good and tested way to coalesce async requests by a key value, which is much more comprehensive and powerful.
npm warn deprecated lodash.isequal@4.5.0: This package is deprecated. Use require('node:util').isDeepStrictEqual instead.
npm warn deprecated rimraf@2.7.1: Rimraf versions prior to v4 are no longer supported
npm warn deprecated glob@7.2.3: Glob versions prior to v9 are no longer supported
npm warn deprecated glob@7.2.3: Glob versions prior to v9 are no longer supported
npm warn deprecated glob@7.2.3: Glob versions prior to v9 are no longer supported
npm warn deprecated fstream@1.0.12: This package is no longer supported.

added 354 packages, and audited 355 packages in 21s

44 packages are looking for funding
  run `npm fund` for details

9 vulnerabilities (4 moderate, 4 high, 1 critical)

To address issues that do not require attention, run:
  npm audit fix

To address all issues (including breaking changes), run:
  npm audit fix --force

Run `npm audit` for details.

C:\Users\admin\dev\bso\BKP-Sistema-GestaoTi\teste\client>cd ..

C:\Users\admin\dev\bso\BKP-Sistema-GestaoTi\teste>npm run dev

> sistema-gestao-ti@1.0.0 dev
> node node_modules/concurrently/dist/bin/concurrently.js "npm run server" "npm run client"

[0]
[0] > sistema-gestao-ti@1.0.0 server
[0] > node server/src/index.js
[0]
[1]
[1] > sistema-gestao-ti@1.0.0 client
[1] > cd client && npm run dev
[1]
[1]
[1] > client@0.0.0 dev
[1] > node node_modules/vite/bin/vite.js --host 0.0.0.0 --port 5000
[1]
[0] [dotenv@17.2.3] injecting env (0) from .env -- tip: ⚙️  load multiple .env files with { path: ['.env.local', '.env'] }
[0] ❌ Erro ao inicializar banco de dados: Error: SASL: SCRAM-SERVER-FIRST-MESSAGE: client password must be a string
[0]     at C:\Users\admin\dev\bso\BKP-Sistema-GestaoTi\teste\node_modules\pg-pool\index.js:45:11
[0]     at process.processTicksAndRejections (node:internal/process/task_queues:103:5)
[0]     at async initDatabase (file:///C:/Users/admin/dev/bso/BKP-Sistema-GestaoTi/teste/server/src/database.js:12:5)
[0]     at async startServer (file:///C:/Users/admin/dev/bso/BKP-Sistema-GestaoTi/teste/server/src/index.js:103:5)
[0] Erro ao iniciar servidor: Error: SASL: SCRAM-SERVER-FIRST-MESSAGE: client password must be a string
[0]     at C:\Users\admin\dev\bso\BKP-Sistema-GestaoTi\teste\node_modules\pg-pool\index.js:45:11
[0]     at process.processTicksAndRejections (node:internal/process/task_queues:103:5)
[0]     at async initDatabase (file:///C:/Users/admin/dev/bso/BKP-Sistema-GestaoTi/teste/server/src/database.js:12:5)
[0]     at async startServer (file:///C:/Users/admin/dev/bso/BKP-Sistema-GestaoTi/teste/server/src/index.js:103:5)
[0] npm run server exited with code 1
[1]
[1]   VITE v5.4.20  ready in 430 ms
[1]
[1]   ➜  Local:   http://localhost:5000/
[1]   ➜  Network: http://192.168.0.117:5000/